Microchip MPLAB XC8 Compiler V1.33 ()

Linker command line:

--edf=C:\Program Files (x86)\Microchip\xc8\v1.33\dat\en_msgs.txt -cs \
  -h+dist/default/production\slave_2_code.X.production.sym \
  --cmf=dist/default/production\slave_2_code.X.production.cmf -z -Q18F2431 \
  -oC:\Users\Hameem\AppData\Local\Temp\s1ts.6 \
  -Mdist/default/production/slave_2_code.X.production.map -E1 -ver=XC8 \
  -ASTACK=08Eh-02ffh -pstack=STACK -ACODE=00h-03FFFh -ACONST=00h-03FFFh \
  -ASMALLCONST=0300h-03FFhx61 -AMEDIUMCONST=0300h-03FFFh -ACOMRAM=01h-05Fh \
  -AABS1=00h-02FFh -ABIGRAM=01h-02FFh -ARAM=060h-0FFh,0100h-01FFhx2 \
  -ABANK0=060h-0FFh -ABANK1=0100h-01FFh -ABANK2=0200h-02FFh \
  -ASFR=0F60h-0FFFh \
  -preset_vec=00h,intcode=08h,intcodelo,powerup,init,end_init \
  -pramtop=0300h -psmallconst=SMALLCONST -pmediumconst=MEDIUMCONST \
  -pconst=CONST -AFARRAM=00h-00h -ACONFIG=0300000h-030000Dh -pconfig=CONFIG \
  -AIDLOC=0200000h-0200007h -pidloc=IDLOC -AEEDATA=0F00000h-0F000FFh \
  -peeprom_data=EEDATA \
  -prdata=COMRAM,nvrram=COMRAM,nvbit=COMRAM,rbss=COMRAM,rbit=COMRAM \
  -pfarbss=FARRAM,fardata=FARRAM,nvFARRAM=FARRAM \
  -pintsave_regs=BIGRAM,bigbss=BIGRAM,bigdata=BIGRAM -pbss=RAM \
  -pidata=CODE,irdata=CODE,ibigdata=CODE,ifardata=CODE \
  C:\Users\Hameem\AppData\Local\Temp\s1ts.obj \
  dist/default/production\slave_2_code.X.production.obj 

Object code version is 3.11

Machine type is 18F2431

Call graph: (short form)




                Name                               Link     Load   Length Selector   Space Scale
C:\Users\Hameem\AppData\Local\Temp\s1ts.obj
                end_init                            184      184        4        4       0
                reset_vec                             0        0        4        0       0
                idloc                            200000   200000        8   200000       0
                config                           300000   300000        E   300000       0
dist/default/production\slave_2_code.X.production.obj
                intcode                               8        8      17C        4       0
                text15                              90C      90C       A8        4       0
                text14                              AA6      AA6       48        4       0
                text13                              188      188      1FA        4       0
                text12                              770      770       E4        4       0
                text11                              52A      52A      14A        4       0
                text10                              BA0      BA0       16        4       0
                text9                               B52      B52       28        4       0
                text8                               B28      B28       2A        4       0
                text7                               BB6      BB6       12        4       0
                text6                               BC8      BC8        A        4       0
                text5                               AEE      AEE       3A        4       0
                text4                               674      674       FC        4       0
                text3                               9B4      9B4       A4        4       0
                text2                               B7A      B7A       26        4       0
                text1                               854      854       B8        4       0
                text0                               382      382      1A8        4       0
                cstackCOMRAM                          1        1       37        1       1
                cstackBANK0                          60       60       1A       60       1
                dataBANK0                            8C       8C        2       60       1
                bssBANK0                             7A       7A       12       60       1
                dataCOMRAM                           4B       4B        2        1       1
                bssCOMRAM                            38       38       11        1       1
                cinit                               A58      A58       4E        4       0
                nvCOMRAM                             49       49        2        1       1
                idataBANK0                          BD4      BD4        2        4       0
                idataCOMRAM                         BD2      BD2        2        4       0

TOTAL           Name                               Link     Load   Length     Space
        CLASS   STACK          

        CLASS   CODE           
                end_init                            184      184        4         0
                intcode                               8        8      17C         0
                reset_vec                             0        0        4         0
                text15                              90C      90C       A8         0
                text14                              AA6      AA6       48         0
                text13                              188      188      1FA         0
                text12                              770      770       E4         0
                text11                              52A      52A      14A         0
                text10                              BA0      BA0       16         0
                text9                               B52      B52       28         0
                text8                               B28      B28       2A         0
                text7                               BB6      BB6       12         0
                text6                               BC8      BC8        A         0
                text5                               AEE      AEE       3A         0
                text4                               674      674       FC         0
                text3                               9B4      9B4       A4         0
                text2                               B7A      B7A       26         0
                text1                               854      854       B8         0
                text0                               382      382      1A8         0
                cinit                               A58      A58       4E         0
                idataBANK0                          BD4      BD4        2         0
                idataCOMRAM                         BD2      BD2        2         0

        CLASS   CONST          

        CLASS   SMALLCONST     

        CLASS   MEDIUMCONST    

        CLASS   COMRAM         
                cstackCOMRAM                          1        1       37         1
                dataCOMRAM                           4B       4B        2         1
                bssCOMRAM                            38       38       11         1
                nvCOMRAM                             49       49        2         1

        CLASS   ABS1           

        CLASS   BIGRAM         

        CLASS   RAM            

        CLASS   BANK0          
                cstackBANK0                          60       60       1A         1
                dataBANK0                            8C       8C        2         1
                bssBANK0                             7A       7A       12         1

        CLASS   BANK1          

        CLASS   BANK2          

        CLASS   SFR            

        CLASS   FARRAM         

        CLASS   CONFIG         
                config                           300000   300000        E         0

        CLASS   IDLOC          
                idloc                            200000   200000        8         0

        CLASS   EEDATA         



SEGMENTS        Name                           Load    Length   Top    Selector   Space  Class

                reset_vec                      000000  000004  000004         0       0  CODE    
                cstackCOMRAM                   000001  00004C  00004D         1       1  COMRAM  
                intcode                        000008  000BCE  000BD6         4       0  CODE    
                cstackBANK0                    000060  00002E  00008E        60       1  BANK0   
                idloc                          200000  000008  200008    200000       0  IDLOC   
                config                         300000  00000E  30000E    300000       0  CONFIG  


UNUSED ADDRESS RANGES

        Name                Unused          Largest block    Delta
        BANK0            00008E-0000FF               72
        BANK1            000100-0001FF              100
        BANK2            000200-0002FF              100
        BIGRAM           00004D-00005F               13
                         00008E-0002FF              272
        CODE             000004-000007                4
                         000BD6-003FFF             342A
        COMRAM           00004D-00005F               13
        CONST            000004-000007                4
                         000BD6-003FFF             342A
        EEDATA           F00000-F000FF              100
        MEDIUMCONST      000BD6-003FFF             342A
        RAM              00008E-0002FF              100
        SFR              000F60-000FFF               A0
        SMALLCONST       000BD6-003FFF              100
        STACK            00008E-0002FF              272

                                  Symbol Table

?___aldiv                  cstackCOMRAM 000014
?___awdiv                  cstackCOMRAM 00001A
?___awtoft                 cstackCOMRAM 00001C
?___ftadd                  cstackCOMRAM 00002F
?___ftmul                  cstackCOMRAM 000020
?___ftpack                 cstackCOMRAM 000014
?___fttol                  cstackBANK0  000063
?___wmul                   cstackCOMRAM 000014
_ADCON0bits                (abs)        000FC2
_ANSEL0                    (abs)        000FB8
_CAP1CONbits               (abs)        000F63
_DFLTCON                   (abs)        000F60
_DTCON                     (abs)        000F6D
_INTCONbits                (abs)        000FF2
_MAXCNTH                   (abs)        000F65
_MAXCNTL                   (abs)        000F64
_PDC0H                     (abs)        000F78
_PDC0L                     (abs)        000F79
_PIE1bits                  (abs)        000F9D
_PIE3bits                  (abs)        000FA3
_PIR1bits                  (abs)        000F9E
_PIR3bits                  (abs)        000FA4
_PORTAbits                 (abs)        000F80
_POSCNTH                   (abs)        000F67
_POSCNTL                   (abs)        000F66
_PTCON0                    (abs)        000F7F
_PTCON1                    (abs)        000F7E
_PTMRH                     (abs)        000F7C
_PTMRL                     (abs)        000F7D
_PTPERH                    (abs)        000F7A
_PTPERL                    (abs)        000F7B
_PWMCON0                   (abs)        000F6F
_PWMCON1                   (abs)        000F6E
_QEICON                    (abs)        000FB6
_QEICONbits                (abs)        000FB6
_SSPADD                    (abs)        000FC8
_SSPBUF                    (abs)        000FC9
_SSPCON                    (abs)        000FC6
_SSPCON1bits               (abs)        000FC6
_SSPSTAT                   (abs)        000FC7
_T0CON                     (abs)        000FD5
_T0CONbits                 (abs)        000FD5
_T1CON                     (abs)        000FCD
_T5CON                     (abs)        000FB7
_TMR0H                     (abs)        000FD7
_TMR0L                     (abs)        000FD6
_TMR1                      (abs)        000FCE
_TMR5                      (abs)        000F87
_TRISAbits                 (abs)        000F92
_TRISB                     (abs)        000F93
_TRISBbits                 (abs)        000F93
_TRISC                     (abs)        000F94
_VELRH                     (abs)        000F69
_VELRL                     (abs)        000F68
__CFG_BOREN$OFF            (abs)        000000
__CFG_CP0$OFF              (abs)        000000
__CFG_CP1$OFF              (abs)        000000
__CFG_CP2$OFF              (abs)        000000
__CFG_CP3$OFF              (abs)        000000
__CFG_CPB$OFF              (abs)        000000
__CFG_CPD$OFF              (abs)        000000
__CFG_EBTR0$OFF            (abs)        000000
__CFG_EBTR1$OFF            (abs)        000000
__CFG_EBTR2$OFF            (abs)        000000
__CFG_EBTR3$OFF            (abs)        000000
__CFG_EBTRB$OFF            (abs)        000000
__CFG_FCMEN$ON             (abs)        000000
__CFG_HPOL$HIGH            (abs)        000000
__CFG_IESO$ON              (abs)        000000
__CFG_LPOL$HIGH            (abs)        000000
__CFG_LVP$OFF              (abs)        000000
__CFG_MCLRE$ON             (abs)        000000
__CFG_OSC$HS               (abs)        000000
__CFG_PWMPIN$OFF           (abs)        000000
__CFG_PWRTEN$OFF           (abs)        000000
__CFG_STVREN$ON            (abs)        000000
__CFG_T1OSCMX$ON           (abs)        000000
__CFG_WDPS$32768           (abs)        000000
__CFG_WDTEN$OFF            (abs)        000000
__CFG_WINEN$OFF            (abs)        000000
__CFG_WRT0$OFF             (abs)        000000
__CFG_WRT1$OFF             (abs)        000000
__CFG_WRT2$OFF             (abs)        000000
__CFG_WRT3$OFF             (abs)        000000
__CFG_WRTB$OFF             (abs)        000000
__CFG_WRTC$OFF             (abs)        000000
__CFG_WRTD$OFF             (abs)        000000
__HRAM                     (abs)        000000
__Habs1                    abs1         000000
__Hbank0                   bank0        000000
__Hbank1                   bank1        000000
__Hbank2                   bank2        000000
__Hbigbss                  bigbss       000000
__Hbigdata                 bigdata      000000
__Hbigram                  bigram       000000
__Hbss                     bss          000000
__HbssBANK0                bssBANK0     000000
__HbssCOMRAM               bssCOMRAM    000000
__Hcinit                   cinit        000000
__Hclrtext                 clrtext      000000
__Hcomram                  comram       000000
__Hconfig                  config       30000E
__Hconst                   const        000000
__HcstackBANK0             cstackBANK0  000000
__HcstackCOMRAM            cstackCOMRAM 000000
__Hdata                    data         000000
__HdataBANK0               dataBANK0    000000
__HdataCOMRAM              dataCOMRAM   000000
__Heeprom_data             eeprom_data  000000
__Hend_init                end_init     000188
__Hfarbss                  farbss       000000
__Hfardata                 fardata      000000
__Hibigdata                ibigdata     000000
__Hidata                   idata        000000
__HidataBANK0              idataBANK0   000000
__HidataCOMRAM             idataCOMRAM  000000
__Hidloc                   idloc        200008
__Hifardata                ifardata     000000
__Hinit                    init         000184
__Hintcode                 intcode      000184
__Hintcode_body            intcode_body 000000
__Hintcodelo               intcodelo    000184
__Hintentry                intentry     000000
__Hintret                  intret       000000
__Hintsave_regs            intsave_regs 000000
__Hirdata                  irdata       000000
__Hmediumconst             mediumconst  000000
__HnvCOMRAM                nvCOMRAM     000000
__HnvFARRAM                nvFARRAM     000000
__Hnvbit                   nvbit        000000
__Hnvrram                  nvrram       000000
__Hparam                   rparam       000000
__Hpowerup                 powerup      000184
__Hram                     ram          000000
__Hramtop                  ramtop       000300
__Hrbit                    rbit         000000
__Hrbss                    rbss         000000
__Hrdata                   rdata        000000
__Hreset_vec               reset_vec    000004
__Hrparam                  rparam       000000
__Hsfr                     sfr          000000
__Hsmallconst              smallconst   000000
__Hspace_0                 (abs)        30000E
__Hspace_1                 (abs)        00008E
__Hspace_2                 (abs)        000000
__Hstack                   stack        000000
__Hstruct                  struct       000000
__Htemp                    temp         000000
__Htext                    text         000000
__Htext0                   text0        000000
__Htext1                   text1        000000
__Htext10                  text10       000000
__Htext11                  text11       000000
__Htext12                  text12       000000
__Htext13                  text13       000000
__Htext14                  text14       000000
__Htext15                  text15       000000
__Htext2                   text2        000000
__Htext3                   text3        000000
__Htext4                   text4        000000
__Htext5                   text5        000000
__Htext6                   text6        000000
__Htext7                   text7        000000
__Htext8                   text8        000000
__Htext9                   text9        000000
__LRAM                     (abs)        000001
__Labs1                    abs1         000000
__Lbank0                   bank0        000000
__Lbank1                   bank1        000000
__Lbank2                   bank2        000000
__Lbigbss                  bigbss       000000
__Lbigdata                 bigdata      000000
__Lbigram                  bigram       000000
__Lbss                     bss          000000
__LbssBANK0                bssBANK0     000000
__LbssCOMRAM               bssCOMRAM    000000
__Lcinit                   cinit        000000
__Lclrtext                 clrtext      000000
__Lcomram                  comram       000000
__Lconfig                  config       300000
__Lconst                   const        000000
__LcstackBANK0             cstackBANK0  000000
__LcstackCOMRAM            cstackCOMRAM 000000
__Ldata                    data         000000
__LdataBANK0               dataBANK0    000000
__LdataCOMRAM              dataCOMRAM   000000
__Leeprom_data             eeprom_data  000000
__Lend_init                end_init     000184
__Lfarbss                  farbss       000000
__Lfardata                 fardata      000000
__Libigdata                ibigdata     000000
__Lidata                   idata        000000
__LidataBANK0              idataBANK0   000000
__LidataCOMRAM             idataCOMRAM  000000
__Lidloc                   idloc        200000
__Lifardata                ifardata     000000
__Linit                    init         000184
__Lintcode                 intcode      000008
__Lintcode_body            intcode_body 000000
__Lintcodelo               intcodelo    000184
__Lintentry                intentry     000000
__Lintret                  intret       000000
__Lintsave_regs            intsave_regs 000000
__Lirdata                  irdata       000000
__Lmediumconst             mediumconst  000000
__LnvCOMRAM                nvCOMRAM     000000
__LnvFARRAM                nvFARRAM     000000
__Lnvbit                   nvbit        000000
__Lnvrram                  nvrram       000000
__Lparam                   rparam       000000
__Lpowerup                 powerup      000184
__Lram                     ram          000000
__Lramtop                  ramtop       000300
__Lrbit                    rbit         000000
__Lrbss                    rbss         000000
__Lrdata                   rdata        000000
__Lreset_vec               reset_vec    000000
__Lrparam                  rparam       000000
__Lsfr                     sfr          000000
__Lsmallconst              smallconst   000000
__Lspace_0                 (abs)        000000
__Lspace_1                 (abs)        000000
__Lspace_2                 (abs)        000000
__Lstack                   stack        000000
__Lstruct                  struct       000000
__Ltemp                    temp         000000
__Ltext                    text         000000
__Ltext0                   text0        000000
__Ltext1                   text1        000000
__Ltext10                  text10       000000
__Ltext11                  text11       000000
__Ltext12                  text12       000000
__Ltext13                  text13       000000
__Ltext14                  text14       000000
__Ltext15                  text15       000000
__Ltext2                   text2        000000
__Ltext3                   text3        000000
__Ltext4                   text4        000000
__Ltext5                   text5        000000
__Ltext6                   text6        000000
__Ltext7                   text7        000000
__Ltext8                   text8        000000
__Ltext9                   text9        000000
__S0                       (abs)        30000E
__S1                       (abs)        00008E
__S2                       (abs)        000000
___aldiv                   text4        000674
___aldiv@counter           cstackCOMRAM 00001C
___aldiv@dividend          cstackCOMRAM 000014
___aldiv@divisor           cstackCOMRAM 000018
___aldiv@quotient          cstackCOMRAM 00001E
___aldiv@sign              cstackCOMRAM 00001D
___awdiv                   text3        0009B4
___awdiv@counter           cstackCOMRAM 00001E
___awdiv@dividend          cstackCOMRAM 00001A
___awdiv@divisor           cstackCOMRAM 00001C
___awdiv@quotient          cstackCOMRAM 000020
___awdiv@sign              cstackCOMRAM 00001F
___awtoft                  text14       000AA6
___awtoft@c                cstackCOMRAM 00001C
___awtoft@sign             cstackCOMRAM 00001F
___ftadd                   text13       000188
___ftadd@exp1              cstackBANK0  000062
___ftadd@exp2              cstackBANK0  000061
___ftadd@f1                cstackCOMRAM 00002F
___ftadd@f2                cstackCOMRAM 000032
___ftadd@sign              cstackBANK0  000060
___ftmul                   text12       000770
___ftmul@cntr              cstackCOMRAM 00002D
___ftmul@exp               cstackCOMRAM 000029
___ftmul@f1                cstackCOMRAM 000020
___ftmul@f2                cstackCOMRAM 000023
___ftmul@f3_as_product     cstackCOMRAM 00002A
___ftmul@sign              cstackCOMRAM 00002E
___ftpack                  text15       00090C
___ftpack@arg              cstackCOMRAM 000014
___ftpack@exp              cstackCOMRAM 000017
___ftpack@sign             cstackCOMRAM 000018
___fttol                   text11       00052A
___fttol@exp1              cstackBANK0  000071
___fttol@f1                cstackBANK0  000063
___fttol@lval              cstackBANK0  00006D
___fttol@sign1             cstackBANK0  00006C
___inthi_sp                stack        000000
___intlo_sp                stack        000000
___sp                      stack        000000
___wmul                    text2        000B7A
___wmul@multiplicand       cstackCOMRAM 000016
___wmul@multiplier         cstackCOMRAM 000014
___wmul@product            cstackCOMRAM 000018
__accesstop                (abs)        000060
__activetblptr             (abs)        000000
__end_of___aldiv           text4        000770
__end_of___awdiv           text3        000A58
__end_of___awtoft          text14       000AEE
__end_of___ftadd           text13       000382
__end_of___ftmul           text12       000854
__end_of___ftpack          text15       0009B4
__end_of___fttol           text11       000674
__end_of___wmul            text2        000BA0
__end_of__initialization   cinit        000AA0
__end_of_init_I2C          text10       000BB6
__end_of_init_QEI          text9        000B7A
__end_of_init_pwm          text8        000B52
__end_of_init_time_base    text7        000BC8
__end_of_interrupt_enable  text6        000BD2
__end_of_isr               intcode      000184
__end_of_main              text0        00052A
__end_of_pwm_generator     text5        000B28
__end_of_vel_read          text1        00090C
__initialization           cinit        000A58
__mediumconst              mediumconst  000000
__pbssBANK0                bssBANK0     00007A
__pbssCOMRAM               bssCOMRAM    000038
__pcinit                   cinit        000A58
__pcstackBANK0             cstackBANK0  000060
__pcstackCOMRAM            cstackCOMRAM 000001
__pdataBANK0               dataBANK0    00008C
__pdataCOMRAM              dataCOMRAM   00004B
__pidataBANK0              idataBANK0   000BD4
__pidataCOMRAM             idataCOMRAM  000BD2
__pintcode                 intcode      000008
__pnvCOMRAM                nvCOMRAM     000049
__ptext0                   text0        000382
__ptext1                   text1        000854
__ptext10                  text10       000BA0
__ptext11                  text11       00052A
__ptext12                  text12       000770
__ptext13                  text13       000188
__ptext14                  text14       000AA6
__ptext15                  text15       00090C
__ptext2                   text2        000B7A
__ptext3                   text3        0009B4
__ptext4                   text4        000674
__ptext5                   text5        000AEE
__ptext6                   text6        000BC8
__ptext7                   text7        000BB6
__ptext8                   text8        000B28
__ptext9                   text9        000B52
__ramtop                   ramtop       000300
__size_of___aldiv          (abs)        000000
__size_of___awdiv          (abs)        000000
__size_of___awtoft         (abs)        000000
__size_of___ftadd          (abs)        000000
__size_of___ftmul          (abs)        000000
__size_of___ftpack         (abs)        000000
__size_of___fttol          (abs)        000000
__size_of___wmul           (abs)        000000
__size_of_init_I2C         (abs)        000000
__size_of_init_QEI         (abs)        000000
__size_of_init_pwm         (abs)        000000
__size_of_init_time_base   (abs)        000000
__size_of_interrupt_enable (abs)        000000
__size_of_isr              (abs)        000000
__size_of_main             (abs)        000000
__size_of_pwm_generator    (abs)        000000
__size_of_vel_read         (abs)        000000
__smallconst               smallconst   000000
_a_err                     bssBANK0     000086
_act_vel                   nvCOMRAM     000049
_actual_pos                bssCOMRAM    000038
_count                     dataCOMRAM   00004B
_d_err                     bssCOMRAM    00003A
_des_vel                   dataBANK0    00008C
_err_vel                   bssCOMRAM    000047
_init_I2C                  text10       000BA0
_init_QEI                  text9        000B52
_init_pwm                  text8        000B28
_init_time_base            text7        000BB6
_interrupt_enable          text6        000BC8
_isr                       intcode      000008
_main                      text0        000382
_new_pos                   bssBANK0     00007A
_old_pos                   bssBANK0     00007E
_p_err                     bssCOMRAM    00003C
_poscnt_rolovr             bssCOMRAM    00003E
_poscnth                   bssCOMRAM    000040
_poscntl                   bssCOMRAM    000042
_pwm_generator             text5        000AEE
_rec_vel                   bssCOMRAM    000046
_tmr5_rolovr               bssCOMRAM    000044
_vel_read                  text1        000854
_vel_read$1375             cstackCOMRAM 00002E
_velr_vh                   bssBANK0     000082
_velrh                     bssBANK0     000088
_velrl                     bssBANK0     00008A
end_of_initialization      cinit        000AA0
intlevel0                  text         000000
intlevel1                  text         000000
intlevel2                  text         000000
intlevel3                  text         000000
isr@address                cstackCOMRAM 000011
isr@c                      cstackCOMRAM 000012
isr@temp                   cstackCOMRAM 000013
main@DC                    cstackBANK0  000078
main@u                     cstackBANK0  000076
pwm_generator@DC           cstackCOMRAM 000014
pwm_generator@on_time      cstackCOMRAM 000019
stackhi                    (abs)        0002FF
stacklo                    (abs)        00008E
start                      init         000184
start_initialization       cinit        000A58
vel_read@freq              cstackCOMRAM 00002C
vel_read@pulse_count       cstackCOMRAM 000026
vel_read@temp              cstackCOMRAM 00002A


FUNCTION INFORMATION:

 *************** function _main *****************
 Defined at:
		line 164 in file "slave2code.c"
 Parameters:    Size  Location     Type
		None
 Auto vars:     Size  Location     Type
  DC              2   24[BANK0 ] int 
  u               2   22[BANK0 ] int 
 Return value:  Size  Location     Type
		None               void
 Registers used:
		wreg, status,2, status,0, prodl, prodh, cstack
 Tracked objects:
		On entry : 
		On exit  : 
		Unchanged: 
 Data sizes:     COMRAM   BANK0   BANK1   BANK2
      Params:         0       0       0       0
      Locals:         0       4       0       0
      Temps:          0       4       0       0
      Totals:         0       8       0       0
Total ram usage:        8 bytes
 Hardware stack levels required when called:    3
 This function calls:
		___awdiv
		___awtoft
		___ftadd
		___ftmul
		___fttol
		___wmul
		_init_I2C
		_init_QEI
		_init_pwm
		_init_time_base
		_interrupt_enable
		_pwm_generator
		_vel_read
 This function is called by:
		Startup code after reset
 This function uses a non-reentrant model


 *************** function _vel_read *****************
 Defined at:
		line 278 in file "slave2code.c"
 Parameters:    Size  Location     Type
		None
 Auto vars:     Size  Location     Type
  pulse_count     4   37[COMRAM] long 
  freq            2   43[COMRAM] int 
  temp            2   41[COMRAM] int 
 Return value:  Size  Location     Type
		None               void
 Registers used:
		wreg, status,2, status,0, prodl, prodh, cstack
 Tracked objects:
		On entry : 
		On exit  : 
		Unchanged: 
 Data sizes:     COMRAM   BANK0   BANK1   BANK2
      Params:         0       0       0       0
      Locals:        10       0       0       0
      Temps:          4       0       0       0
      Totals:        14       0       0       0
Total ram usage:       14 bytes
 Hardware stack levels used:    1
 Hardware stack levels required when called:    2
 This function calls:
		___aldiv
		___awdiv
		___wmul
 This function is called by:
		_main
 This function uses a non-reentrant model


 *************** function ___wmul *****************
 Defined at:
		line 15 in file "C:\Program Files (x86)\Microchip\xc8\v1.33\sources\common\Umul16.c"
 Parameters:    Size  Location     Type
  multiplier      2   19[COMRAM] unsigned int 
  multiplicand    2   21[COMRAM] unsigned int 
 Auto vars:     Size  Location     Type
  product         2   23[COMRAM] unsigned int 
 Return value:  Size  Location     Type
                  2   19[COMRAM] unsigned int 
 Registers used:
		wreg, status,2, status,0, prodl, prodh
 Tracked objects:
		On entry : 
		On exit  : 
		Unchanged: 
 Data sizes:     COMRAM   BANK0   BANK1   BANK2
      Params:         4       0       0       0
      Locals:         2       0       0       0
      Temps:          0       0       0       0
      Totals:         6       0       0       0
Total ram usage:        6 bytes
 Hardware stack levels used:    1
 Hardware stack levels required when called:    1
 This function calls:
		Nothing
 This function is called by:
		_main
		_vel_read
 This function uses a non-reentrant model


 *************** function ___awdiv *****************
 Defined at:
		line 8 in file "C:\Program Files (x86)\Microchip\xc8\v1.33\sources\common\awdiv.c"
 Parameters:    Size  Location     Type
  dividend        2   25[COMRAM] int 
  divisor         2   27[COMRAM] int 
 Auto vars:     Size  Location     Type
  quotient        2   31[COMRAM] int 
  sign            1   30[COMRAM] unsigned char 
  counter         1   29[COMRAM] unsigned char 
 Return value:  Size  Location     Type
                  2   25[COMRAM] int 
 Registers used:
		wreg, status,2, status,0, prodl
 Tracked objects:
		On entry : 
		On exit  : 
		Unchanged: 
 Data sizes:     COMRAM   BANK0   BANK1   BANK2
      Params:         4       0       0       0
      Locals:         4       0       0       0
      Temps:          0       0       0       0
      Totals:         8       0       0       0
Total ram usage:        8 bytes
 Hardware stack levels used:    1
 Hardware stack levels required when called:    1
 This function calls:
		Nothing
 This function is called by:
		_main
		_vel_read
 This function uses a non-reentrant model


 *************** function ___aldiv *****************
 Defined at:
		line 8 in file "C:\Program Files (x86)\Microchip\xc8\v1.33\sources\common\aldiv.c"
 Parameters:    Size  Location     Type
  dividend        4   19[COMRAM] long 
  divisor         4   23[COMRAM] long 
 Auto vars:     Size  Location     Type
  quotient        4   29[COMRAM] long 
  sign            1   28[COMRAM] unsigned char 
  counter         1   27[COMRAM] unsigned char 
 Return value:  Size  Location     Type
                  4   19[COMRAM] long 
 Registers used:
		wreg, status,2, status,0
 Tracked objects:
		On entry : 
		On exit  : 
		Unchanged: 
 Data sizes:     COMRAM   BANK0   BANK1   BANK2
      Params:         8       0       0       0
      Locals:         6       0       0       0
      Temps:          0       0       0       0
      Totals:        14       0       0       0
Total ram usage:       14 bytes
 Hardware stack levels used:    1
 Hardware stack levels required when called:    1
 This function calls:
		Nothing
 This function is called by:
		_vel_read
 This function uses a non-reentrant model


 *************** function _pwm_generator *****************
 Defined at:
		line 232 in file "slave2code.c"
 Parameters:    Size  Location     Type
  DC              2   19[COMRAM] int 
 Auto vars:     Size  Location     Type
  on_time         2   24[COMRAM] int 
 Return value:  Size  Location     Type
		None               void
 Registers used:
		wreg, status,2, status,0
 Tracked objects:
		On entry : 
		On exit  : 
		Unchanged: 
 Data sizes:     COMRAM   BANK0   BANK1   BANK2
      Params:         2       0       0       0
      Locals:         2       0       0       0
      Temps:          3       0       0       0
      Totals:         7       0       0       0
Total ram usage:        7 bytes
 Hardware stack levels used:    1
 Hardware stack levels required when called:    1
 This function calls:
		Nothing
 This function is called by:
		_main
 This function uses a non-reentrant model


 *************** function _interrupt_enable *****************
 Defined at:
		line 258 in file "slave2code.c"
 Parameters:    Size  Location     Type
		None
 Auto vars:     Size  Location     Type
		None
 Return value:  Size  Location     Type
		None               void
 Registers used:
		wreg
 Tracked objects:
		On entry : 
		On exit  : 
		Unchanged: 
 Data sizes:     COMRAM   BANK0   BANK1   BANK2
      Params:         0       0       0       0
      Locals:         0       0       0       0
      Temps:          0       0       0       0
      Totals:         0       0       0       0
Total ram usage:        0 bytes
 Hardware stack levels used:    1
 Hardware stack levels required when called:    1
 This function calls:
		Nothing
 This function is called by:
		_main
 This function uses a non-reentrant model


 *************** function _init_time_base *****************
 Defined at:
		line 301 in file "slave2code.c"
 Parameters:    Size  Location     Type
		None
 Auto vars:     Size  Location     Type
		None
 Return value:  Size  Location     Type
		None               void
 Registers used:
		wreg, status,2
 Tracked objects:
		On entry : 
		On exit  : 
		Unchanged: 
 Data sizes:     COMRAM   BANK0   BANK1   BANK2
      Params:         0       0       0       0
      Locals:         0       0       0       0
      Temps:          0       0       0       0
      Totals:         0       0       0       0
Total ram usage:        0 bytes
 Hardware stack levels used:    1
 Hardware stack levels required when called:    1
 This function calls:
		Nothing
 This function is called by:
		_main
 This function uses a non-reentrant model


 *************** function _init_pwm *****************
 Defined at:
		line 216 in file "slave2code.c"
 Parameters:    Size  Location     Type
		None
 Auto vars:     Size  Location     Type
		None
 Return value:  Size  Location     Type
		None               void
 Registers used:
		wreg, status,2
 Tracked objects:
		On entry : 
		On exit  : 
		Unchanged: 
 Data sizes:     COMRAM   BANK0   BANK1   BANK2
      Params:         0       0       0       0
      Locals:         0       0       0       0
      Temps:          0       0       0       0
      Totals:         0       0       0       0
Total ram usage:        0 bytes
 Hardware stack levels used:    1
 Hardware stack levels required when called:    1
 This function calls:
		Nothing
 This function is called by:
		_main
 This function uses a non-reentrant model


 *************** function _init_QEI *****************
 Defined at:
		line 240 in file "slave2code.c"
 Parameters:    Size  Location     Type
		None
 Auto vars:     Size  Location     Type
		None
 Return value:  Size  Location     Type
		None               void
 Registers used:
		wreg, status,2
 Tracked objects:
		On entry : 
		On exit  : 
		Unchanged: 
 Data sizes:     COMRAM   BANK0   BANK1   BANK2
      Params:         0       0       0       0
      Locals:         0       0       0       0
      Temps:          0       0       0       0
      Totals:         0       0       0       0
Total ram usage:        0 bytes
 Hardware stack levels used:    1
 Hardware stack levels required when called:    1
 This function calls:
		Nothing
 This function is called by:
		_main
 This function uses a non-reentrant model


 *************** function _init_I2C *****************
 Defined at:
		line 266 in file "slave2code.c"
 Parameters:    Size  Location     Type
		None
 Auto vars:     Size  Location     Type
		None
 Return value:  Size  Location     Type
		None               void
 Registers used:
		wreg, status,2
 Tracked objects:
		On entry : 
		On exit  : 
		Unchanged: 
 Data sizes:     COMRAM   BANK0   BANK1   BANK2
      Params:         0       0       0       0
      Locals:         0       0       0       0
      Temps:          0       0       0       0
      Totals:         0       0       0       0
Total ram usage:        0 bytes
 Hardware stack levels used:    1
 Hardware stack levels required when called:    1
 This function calls:
		Nothing
 This function is called by:
		_main
 This function uses a non-reentrant model


 *************** function ___fttol *****************
 Defined at:
		line 44 in file "C:\Program Files (x86)\Microchip\xc8\v1.33\sources\common\fttol.c"
 Parameters:    Size  Location     Type
  f1              3    3[BANK0 ] float 
 Auto vars:     Size  Location     Type
  lval            4   13[BANK0 ] unsigned long 
  exp1            1   17[BANK0 ] unsigned char 
  sign1           1   12[BANK0 ] unsigned char 
 Return value:  Size  Location     Type
                  4    3[BANK0 ] long 
 Registers used:
		wreg, status,2, status,0
 Tracked objects:
		On entry : 
		On exit  : 
		Unchanged: 
 Data sizes:     COMRAM   BANK0   BANK1   BANK2
      Params:         0       4       0       0
      Locals:         0       6       0       0
      Temps:          0       5       0       0
      Totals:         0      15       0       0
Total ram usage:       15 bytes
 Hardware stack levels used:    1
 Hardware stack levels required when called:    1
 This function calls:
		Nothing
 This function is called by:
		_main
 This function uses a non-reentrant model


 *************** function ___ftmul *****************
 Defined at:
		line 62 in file "C:\Program Files (x86)\Microchip\xc8\v1.33\sources\common\ftmul.c"
 Parameters:    Size  Location     Type
  f1              3   31[COMRAM] float 
  f2              3   34[COMRAM] float 
 Auto vars:     Size  Location     Type
  f3_as_produc    3   41[COMRAM] unsigned um
  sign            1   45[COMRAM] unsigned char 
  cntr            1   44[COMRAM] unsigned char 
  exp             1   40[COMRAM] unsigned char 
 Return value:  Size  Location     Type
                  3   31[COMRAM] float 
 Registers used:
		wreg, status,2, status,0, cstack
 Tracked objects:
		On entry : 
		On exit  : 
		Unchanged: 
 Data sizes:     COMRAM   BANK0   BANK1   BANK2
      Params:         6       0       0       0
      Locals:         6       0       0       0
      Temps:          3       0       0       0
      Totals:        15       0       0       0
Total ram usage:       15 bytes
 Hardware stack levels used:    1
 Hardware stack levels required when called:    2
 This function calls:
		___ftpack
 This function is called by:
		_main
 This function uses a non-reentrant model


 *************** function ___ftadd *****************
 Defined at:
		line 86 in file "C:\Program Files (x86)\Microchip\xc8\v1.33\sources\common\ftadd.c"
 Parameters:    Size  Location     Type
  f1              3   46[COMRAM] float 
  f2              3   49[COMRAM] float 
 Auto vars:     Size  Location     Type
  exp1            1    2[BANK0 ] unsigned char 
  exp2            1    1[BANK0 ] unsigned char 
  sign            1    0[BANK0 ] unsigned char 
 Return value:  Size  Location     Type
                  3   46[COMRAM] float 
 Registers used:
		wreg, status,2, status,0, cstack
 Tracked objects:
		On entry : 
		On exit  : 
		Unchanged: 
 Data sizes:     COMRAM   BANK0   BANK1   BANK2
      Params:         6       0       0       0
      Locals:         0       3       0       0
      Temps:          3       0       0       0
      Totals:         9       3       0       0
Total ram usage:       12 bytes
 Hardware stack levels used:    1
 Hardware stack levels required when called:    2
 This function calls:
		___ftpack
 This function is called by:
		_main
 This function uses a non-reentrant model


 *************** function ___awtoft *****************
 Defined at:
		line 32 in file "C:\Program Files (x86)\Microchip\xc8\v1.33\sources\common\awtoft.c"
 Parameters:    Size  Location     Type
  c               2   27[COMRAM] int 
 Auto vars:     Size  Location     Type
  sign            1   30[COMRAM] unsigned char 
 Return value:  Size  Location     Type
                  3   27[COMRAM] float 
 Registers used:
		wreg, status,2, status,0, prodl, cstack
 Tracked objects:
		On entry : 
		On exit  : 
		Unchanged: 
 Data sizes:     COMRAM   BANK0   BANK1   BANK2
      Params:         3       0       0       0
      Locals:         1       0       0       0
      Temps:          0       0       0       0
      Totals:         4       0       0       0
Total ram usage:        4 bytes
 Hardware stack levels used:    1
 Hardware stack levels required when called:    2
 This function calls:
		___ftpack
 This function is called by:
		_main
 This function uses a non-reentrant model


 *************** function ___ftpack *****************
 Defined at:
		line 62 in file "C:\Program Files (x86)\Microchip\xc8\v1.33\sources\common\float.c"
 Parameters:    Size  Location     Type
  arg             3   19[COMRAM] unsigned um
  exp             1   22[COMRAM] unsigned char 
  sign            1   23[COMRAM] unsigned char 
 Auto vars:     Size  Location     Type
		None
 Return value:  Size  Location     Type
                  3   19[COMRAM] float 
 Registers used:
		wreg, status,2, status,0
 Tracked objects:
		On entry : 
		On exit  : 
		Unchanged: 
 Data sizes:     COMRAM   BANK0   BANK1   BANK2
      Params:         5       0       0       0
      Locals:         0       0       0       0
      Temps:          3       0       0       0
      Totals:         8       0       0       0
Total ram usage:        8 bytes
 Hardware stack levels used:    1
 Hardware stack levels required when called:    1
 This function calls:
		Nothing
 This function is called by:
		___awtoft
		___ftadd
		___ftmul
 This function uses a non-reentrant model


 *************** function _isr *****************
 Defined at:
		line 90 in file "slave2code.c"
 Parameters:    Size  Location     Type
		None
 Auto vars:     Size  Location     Type
  c               1   17[COMRAM] unsigned char 
  temp            1   18[COMRAM] unsigned char 
  address         1   16[COMRAM] unsigned char 
  data            1    0        unsigned char 
 Return value:  Size  Location     Type
		None               void
 Registers used:
		wreg, status,2, status,0
 Tracked objects:
		On entry : 
		On exit  : 
		Unchanged: 
 Data sizes:     COMRAM   BANK0   BANK1   BANK2
      Params:         0       0       0       0
      Locals:         3       0       0       0
      Temps:         16       0       0       0
      Totals:        19       0       0       0
Total ram usage:       19 bytes
 Hardware stack levels used:    1
 This function calls:
		Nothing
 This function is called by:
		Interrupt level 2
 This function uses a non-reentrant model



MODULE INFORMATION

Module		Function		Class		Link	Load	Size
C:\Program Files (x86)\Microchip\xc8\v1.33\sources\common\float.c
		___ftpack      		CODE           	090C	0000	168

C:\Program Files (x86)\Microchip\xc8\v1.33\sources\common\float.c estimated size: 168

C:\Program Files (x86)\Microchip\xc8\v1.33\sources\common\Umul16.c
		___wmul        		CODE           	0B7A	0000	38

C:\Program Files (x86)\Microchip\xc8\v1.33\sources\common\Umul16.c estimated size: 38

C:\Program Files (x86)\Microchip\xc8\v1.33\sources\common\ftmul.c
		___ftmul       		CODE           	0770	0000	228

C:\Program Files (x86)\Microchip\xc8\v1.33\sources\common\ftmul.c estimated size: 228

C:\Program Files (x86)\Microchip\xc8\v1.33\sources\common\awdiv.c
		___awdiv       		CODE           	09B4	0000	164

C:\Program Files (x86)\Microchip\xc8\v1.33\sources\common\awdiv.c estimated size: 164

shared
		__initializatio		CODE           	0A58	0000	72

shared estimated size: 72

slave2code.c
		_main          		CODE           	0382	0000	424
		_vel_read      		CODE           	0854	0000	184
		_isr           		CODE           	0008	0000	380
		_interrupt_enab		CODE           	0BC8	0000	10
		_init_QEI      		CODE           	0B52	0000	40
		_init_pwm      		CODE           	0B28	0000	42
		_init_time_base		CODE           	0BB6	0000	18
		_init_I2C      		CODE           	0BA0	0000	22
		_pwm_generator 		CODE           	0AEE	0000	58

slave2code.c estimated size: 1178

C:\Program Files (x86)\Microchip\xc8\v1.33\sources\common\aldiv.c
		___aldiv       		CODE           	0674	0000	252

C:\Program Files (x86)\Microchip\xc8\v1.33\sources\common\aldiv.c estimated size: 252

C:\Program Files (x86)\Microchip\xc8\v1.33\sources\common\fttol.c
		___fttol       		CODE           	052A	0000	330

C:\Program Files (x86)\Microchip\xc8\v1.33\sources\common\fttol.c estimated size: 330

C:\Program Files (x86)\Microchip\xc8\v1.33\sources\common\awtoft.c
		___awtoft      		CODE           	0AA6	0000	72

C:\Program Files (x86)\Microchip\xc8\v1.33\sources\common\awtoft.c estimated size: 72

C:\Program Files (x86)\Microchip\xc8\v1.33\sources\common\ftadd.c
		___ftadd       		CODE           	0188	0000	506

C:\Program Files (x86)\Microchip\xc8\v1.33\sources\common\ftadd.c estimated size: 506

